
> alive@1.0.0 ci:full
> node scripts/release-gate.js

==========================================
ЁЯЪА STARTING RELEASE QUALITY GATE
==========================================

тП│ Running: Duplicate Methods Check... тЬЕ (10ms)
тП│ Running: Local Script Src Verification... тЬЕ (2ms)
тП│ Running: Placeholder Icons Check... тЭМ FAILED (18ms)
тП│ Running: Mojibake Encoding Check... тЬЕ (60ms)
тП│ Running: Asset Integrity Validation... тЬЕ (69ms)
тП│ Running: Director Sanity Tests... тЬЕ (57ms)
тП│ Running: Balance Simulation Tests... тЬЕ (66ms)
тП│ Running: General Smoke Tests... тЬЕ (321ms)
тП│ Running: Visual Regression Playwright Tests... тЬЕ (24959ms)

==========================================
ЁЯУК RELEASE PIPELINE REPORT
==========================================
тЬЕ Duplicate Methods Check             [10ms]
тЬЕ Local Script Src Verification       [2ms]
тЭМ Placeholder Icons Check             [18ms]
тЬЕ Mojibake Encoding Check             [60ms]
тЬЕ Asset Integrity Validation          [69ms]
тЬЕ Director Sanity Tests               [57ms]
тЬЕ Balance Simulation Tests            [66ms]
тЬЕ General Smoke Tests                 [321ms]
тЬЕ Visual Regression Playwright Tests  [24959ms]
==========================================
node.exe : 
строка:1 знак:1
+ & "C:\Program 
Files\nodejs/node.exe" 
"C:\Users\Bekzat\AppDat
a\Roaming ...
+ ~~~~~~~~~~~~~~~~~~~~~
~~~~~~~~~~~~~~~~~~~~~~~
~~~~~~~~~~~~~~~~~~~~~~~
~~
    + CategoryInfo     
         : NotSpecifi  
  ed: (:String) [],    
 RemoteException
    + FullyQualifiedEr 
   rorId : NativeComm  
  andError
 
ЁЯЪи MERGE BLOCKED: 
Critical defects found 
in the pipeline.
Please fix the failing 
checks above before 
releasing.

--- FAILURE DETAILS ---

[Placeholder Icons 
Check]:
Found placeholders:
- js\actions.js:56 -> 
found placeholder
- js\actions.js:57 -> 
found placeholder
- js\actions.js:58 -> 
found placeholder
- js\actions.js:59 -> 
found placeholder
- js\actions.js:60 -> 
found placeholder
- js\actions.js:61 -> 
found placeholder
- js\actions.js:62 -> 
found placeholder
- js\actions.js:63 -> 
found placeholder
- js\actions.js:64 -> 
found placeholder
- js\actions.js:65 -> 
found placeholder
- js\actions.js:66 -> 
found placeholder
- js\actions.js:67 -> 
found placeholder
- js\actions.js:68 -> 
found placeholder
